---
source: src/grid_block/grid_block_builder.rs
expression: block
---
[[*, *, *],
 [*,  , *],
 [*, *, *],
 [ ,  , *],
 [*, *, *]]
