---
source: src/ascii_art_lib.rs
expression: nine
---
[[*, *, *],
 [*,  , *],
 [*, *, *],
 [ ,  , *],
 [*, *, *]]
