---
source: src/grid_block.rs
expression: "&[row, third_row]"
---
- - "*"
  - "*"
  - " "
  - " "
  - ^
  - ^
- - x
  - x
  - " "
  - " "
  - " "
  - " "

