---
source: src/grid_block.rs
expression: actual
---
- "  *   * *"
- "  * x * *"
- "  *   ***"
- "  * x   *"
- "  *     *"

